--- Deepity Build Log (Release, arch=native) ---

=== Compilation ===
[1/22] Building CXX object CMakeFiles/Deepity.dir/src/backend/Tensor.cpp.o
[2/22] Building CXX object CMakeFiles/Deepity.dir/src/backend/Backend.cpp.o
[3/22] Building CXX object CMakeFiles/Deepity.dir/src/SimpleConvPCNetwork.cpp.o
[4/22] Building CXX object CMakeFiles/Deepity.dir/src/GaussSeidelPCNetwork.cpp.o
[5/22] Building CXX object CMakeFiles/Deepity.dir/src/backend/CPUBackend.cpp.o
[6/22] Building CXX object CMakeFiles/Deepity.dir/src/ConvPCNetwork.cpp.o
[7/22] Building CXX object CMakeFiles/Deepity.dir/src/GaussSeidelPCLayer.cpp.o
[8/22] Building CXX object CMakeFiles/Deepity.dir/src/ConvPCLayer.cpp.o
[9/22] Building CXX object CMakeFiles/Deepity.dir/src/RBLayer.cpp.o
[10/22] Building CXX object CMakeFiles/Deepity.dir/src/DiscriminativePCNetwork.cpp.o
[11/22] Building CXX object CMakeFiles/Deepity.dir/src/DirectKPPCNetwork.cpp.o
[12/22] Building CXX object CMakeFiles/Deepity.dir/src/SimplePCNetwork.cpp.o
[13/22] Building CXX object CMakeFiles/Deepity.dir/src/SimpleConvPCLayer.cpp.o
[14/22] Building CXX object CMakeFiles/Deepity.dir/src/DirectKPPCLayer.cpp.o
[15/22] Building CXX object CMakeFiles/Deepity.dir/src/SimplePCLayer.cpp.o
[16/22] Building CXX object CMakeFiles/Deepity.dir/src/DiscriminativePCLayer.cpp.o
[17/22] Building CXX object CMakeFiles/Deepity.dir/src/ModelIO.cpp.o
[18/22] Linking CXX static library bin/libDeepity.a
[19/22] Building CXX object CMakeFiles/ActivationBenchmark.dir/tests/tActivations.cpp.o
[20/22] Linking CXX executable bin/ActivationBenchmark
[21/22] Building CXX object CMakeFiles/pydeepity.dir/bindings/pybinding.cpp.o
[22/22] Linking CXX shared module bin/pydeepity.cpython-314-x86_64-linux-gnu.so


=== Tests ===
Test project /home/rose0/Projects/deepity/build/Release
No tests were found!!!


